2026-05-29 17:33:46 [INFO] root: Logging iniciado em C:\Users\André\jarvis-chatbot\data\logs\jarvis.log
2026-05-29 17:35:36 [INFO] __main__: Iniciando JARVIS AI Chatbot
2026-05-29 17:35:42 [INFO] ui.app: Inicializando JARVIS App
2026-05-29 17:35:42 [INFO] core.ai_manager: Configuração carregada com 0 providers
2026-05-29 17:35:51 [INFO] ui.app: JARVIS iniciado com sucesso
2026-05-29 17:51:42 [INFO] core.ai_manager: Configuração salva com keys criptografadas
2026-05-29 17:52:31 [INFO] core.ai_manager: Configuração salva com keys criptografadas
2026-05-29 17:53:21 [INFO] core.ai_manager: Configuração salva com keys criptografadas
2026-05-29 17:56:40 [INFO] ui.app: Encerrando JARVIS
2026-05-29 18:45:49 [INFO] root: Logging iniciado em C:\Users\André\jarvis-chatbot\data\logs\jarvis.log
2026-05-29 18:46:54 [INFO] __main__: Iniciando JARVIS AI Chatbot
2026-05-29 18:46:56 [INFO] ui.app: Inicializando JARVIS App
2026-05-29 18:46:56 [INFO] core.ai_manager: Configuração carregada com 0 providers
2026-05-29 18:47:00 [CRITICAL] __main__: Falha na inicialização: Erro ao iniciar JARVIS:

no such column: pinned

Traceback (most recent call last):
  File "C:\Users\André\jarvis-chatbot\main.py", line 21, in main
    app = JarvisApp()
  File "C:\Users\André\jarvis-chatbot\ui\app.py", line 85, in __init__
    self._init_conversation()
    ~~~~~~~~~~~~~~~~~~~~~~~^^
  File "C:\Users\André\jarvis-chatbot\ui\app.py", line 309, in _init_conversation
    convs = self.conversation.get_conversations()
  File "C:\Users\André\jarvis-chatbot\core\conversation.py", line 154, in get_conversations
    cur.execute(
    ~~~~~~~~~~~^
        "SELECT id, title, provider, model, created_at, updated_at, pinned FROM conversations ORDER BY pinned DESC, updated_at DESC LIMIT ?",
        ^^^^^^^^^^^^^^^^^^^^^^^^^^^^^^^^^^^^^^^^^^^^^^^^^^^^^^^^^^^^^^^^^^^^^^^^^^^^^^^^^^^^^^^^^^^^^^^^^^^^^^^^^^^^^^^^^^^^^^^^^^^^^^^^^^^^^
        (_MAX_SEARCH_RESULTS,),
        ^^^^^^^^^^^^^^^^^^^^^^^
    )
    ^
sqlite3.OperationalError: no such column: pinned

2026-05-29 18:52:24 [INFO] root: Logging iniciado em C:\Users\André\jarvis-chatbot\data\logs\jarvis.log
2026-05-29 18:55:24 [INFO] __main__: Iniciando JARVIS AI Chatbot
2026-05-29 18:55:27 [INFO] ui.app: Inicializando JARVIS App
2026-05-29 18:55:27 [INFO] core.ai_manager: Configuração carregada com 0 providers
2026-05-29 18:55:28 [INFO] core.conversation: Migração: coluna 'pinned' adicionada
2026-05-29 18:55:34 [INFO] ui.app: JARVIS iniciado com sucesso
2026-05-29 18:56:44 [INFO] ui.app: Encerrando JARVIS
2026-05-29 21:42:30 [INFO] root: Logging iniciado em C:\Users\André\jarvis-chatbot\data\logs\jarvis.log
2026-05-29 21:43:20 [INFO] __main__: Iniciando JARVIS AI Chatbot
2026-05-29 21:43:23 [INFO] ui.app: Inicializando JARVIS App
2026-05-29 21:43:23 [INFO] core.ai_manager: Configuração carregada com 0 providers
2026-05-29 21:43:29 [CRITICAL] __main__: Falha na inicialização: Erro ao iniciar JARVIS:

property '_parent_canvas' of 'ChatDisplay' object has no setter

Traceback (most recent call last):
  File "C:\Users\André\jarvis-chatbot\main.py", line 21, in main
    app = JarvisApp()
  File "C:\Users\André\jarvis-chatbot\ui\app.py", line 114, in __init__
    self._build_ui()
    ~~~~~~~~~~~~~~^^
  File "C:\Users\André\jarvis-chatbot\ui\app.py", line 183, in _build_ui
    self._build_main_area()
    ~~~~~~~~~~~~~~~~~~~~~^^
  File "C:\Users\André\jarvis-chatbot\ui\app.py", line 370, in _build_main_area
    self.chat_display = ChatDisplay(inner, self.colors)
                        ~~~~~~~~~~~^^^^^^^^^^^^^^^^^^^^
  File "C:\Users\André\jarvis-chatbot\ui\components\chat_display.py", line 737, in __init__
    super().__init__(master, fg_color="transparent", **kwargs)
    ~~~~~~~~~~~~~~~~^^^^^^^^^^^^^^^^^^^^^^^^^^^^^^^^^^^^^^^^^^
  File "C:\Users\André\AppData\Local\Python\pythoncore-3.14-64\Lib\site-packages\customtkinter\windows\widgets\ctk_scrollable_frame.py", line 49, in __init__
    self._parent_canvas = tkinter.Canvas(master=self._parent_frame, highlightthickness=0)
    ^^^^^^^^^^^^^^^^^^^
AttributeError: property '_parent_canvas' of 'ChatDisplay' object has no setter

2026-05-29 21:54:38 [INFO] root: Logging iniciado em C:\Users\André\jarvis-chatbot\data\logs\jarvis.log
2026-05-29 21:54:48 [INFO] __main__: Iniciando JARVIS AI Chatbot
2026-05-29 21:54:49 [INFO] ui.app: Inicializando JARVIS App
2026-05-29 21:54:49 [INFO] core.ai_manager: Configuração carregada com 0 providers
2026-05-29 21:54:50 [INFO] ui.app: JARVIS iniciado com sucesso
2026-05-29 22:02:34 [INFO] ui.app: Encerrando JARVIS
2026-05-29 22:15:24 [INFO] root: Logging iniciado em C:\Users\André\jarvis-chatbot\data\logs\jarvis.log
2026-05-29 22:15:50 [INFO] __main__: Iniciando JARVIS AI Chatbot
2026-05-29 22:15:51 [INFO] ui.app: Inicializando JARVIS App
2026-05-29 22:15:51 [INFO] core.ai_manager: Configuração carregada com 0 providers
2026-05-29 22:15:56 [CRITICAL] __main__: Falha na inicialização: Erro ao iniciar JARVIS:

cannot use geometry manager grid inside .!ctkframe2.!ctkframe.!ctkframe.!canvas.!chatdisplay.!chatbubble.!ctkframe2.!ctkframe which already has slaves managed by pack

Traceback (most recent call last):
  File "C:\Users\André\jarvis-chatbot\main.py", line 21, in main
    app = JarvisApp()
  File "C:\Users\André\jarvis-chatbot\ui\app.py", line 116, in __init__
    self._init_conversation()
    ~~~~~~~~~~~~~~~~~~~~~~~^^
  File "C:\Users\André\jarvis-chatbot\ui\app.py", line 416, in _init_conversation
    self._load_conversation(convs[0]["id"])
    ~~~~~~~~~~~~~~~~~~~~~~~^^^^^^^^^^^^^^^^
  File "C:\Users\André\jarvis-chatbot\ui\app.py", line 619, in _load_conversation
    self.chat_display.add_message(msg["content"], msg["role"])
    ~~~~~~~~~~~~~~~~~~~~~~~~~~~~~^^^^^^^^^^^^^^^^^^^^^^^^^^^^^
  File "C:\Users\André\jarvis-chatbot\ui\components\chat_display.py", line 829, in add_message
    bubble = ChatBubble(self, message, role, self.colors, timestamp=ts)
  File "C:\Users\André\jarvis-chatbot\ui\components\chat_display.py", line 251, in __init__
    self._build(message)
    ~~~~~~~~~~~^^^^^^^^^
  File "C:\Users\André\jarvis-chatbot\ui\components\chat_display.py", line 310, in _build
    self._render_blocks(bubble_frame, message, text_color)
    ~~~~~~~~~~~~~~~~~~~^^^^^^^^^^^^^^^^^^^^^^^^^^^^^^^^^^^
  File "C:\Users\André\jarvis-chatbot\ui\components\chat_display.py", line 348, in _render_blocks
    self._render_text_block(parent, block["content"], text_color, row)
    ~~~~~~~~~~~~~~~~~~~~~~~^^^^^^^^^^^^^^^^^^^^^^^^^^^^^^^^^^^^^^^^^^^
  File "C:\Users\André\jarvis-chatbot\ui\components\chat_display.py", line 366, in _render_text_block
    copy_text_btn.grid(row=0, column=0, sticky="ne")
    ~~~~~~~~~~~~~~~~~~^^^^^^^^^^^^^^^^^^^^^^^^^^^^^^
  File "C:\Users\André\AppData\Local\Python\pythoncore-3.14-64\Lib\site-packages\customtkinter\windows\widgets\core_widget_classes\ctk_base_class.py", line 321, in grid
    return super().grid(**self._apply_argument_scaling(kwargs))
           ~~~~~~~~~~~~^^^^^^^^^^^^^^^^^^^^^^^^^^^^^^^^^^^^^^^^
  File "C:\Users\André\AppData\Local\Python\pythoncore-3.14-64\Lib\tkinter\__init__.py", line 2724, in grid_configure
    self.tk.call(
    ~~~~~~~~~~~~^
          ('grid', 'configure', self._w)
          ^^^^^^^^^^^^^^^^^^^^^^^^^^^^^^
          + self._options(cnf, kw))
          ^^^^^^^^^^^^^^^^^^^^^^^^^
_tkinter.TclError: cannot use geometry manager grid inside .!ctkframe2.!ctkframe.!ctkframe.!canvas.!chatdisplay.!chatbubble.!ctkframe2.!ctkframe which already has slaves managed by pack

2026-05-30 12:09:18 [INFO] root: Logging iniciado em C:\Users\André\jarvis-chatbot\data\logs\jarvis.log
2026-05-30 12:10:11 [INFO] __main__: Iniciando JARVIS AI Chatbot
2026-05-30 12:10:17 [INFO] ui.app: Inicializando JARVIS App
2026-05-30 12:10:23 [INFO] ui.app: JARVIS iniciado com sucesso
2026-05-30 12:15:38 [INFO] ui.app: Encerrando JARVIS
